// Vitest Snapshot v1, https://vitest.dev/guide/snapshot.html

exports[`Ground classification stencil system shaders > locks the complete front-stencil source pair 1`] = `
{
  "fragmentShader": "// [c23:fragment-precision-output]
precision highp float;
precision highp int;
precision highp sampler2D;

out vec4 out_FragColor;

// [c23:pipeline-defines]
#define C23_SURFACE 1
#define C23_PASS_FRONT_STENCIL 1

// [c23:fragment-system-declarations]
uniform float czm_farDepthFromNearPlusOne;
uniform float czm_oneOverLog2FarDepthFromNearPlusOne;

// [c23:fragment-varyings]
in float c23_depthFromNearPlusOne;

// [c23:fragment-system-helpers]
void c23_writeStencilLogDepth(float depthFromNearPlusOne) {
	if (
		depthFromNearPlusOne <= 0.9999999 ||
		depthFromNearPlusOne > czm_farDepthFromNearPlusOne
	) {
		discard;
	}
	gl_FragDepth = log2(depthFromNearPlusOne) * czm_oneOverLog2FarDepthFromNearPlusOne;
}

// [c23:fragment-stencil-main]
void main() {
	// Color writes are disabled by render state, but a defined output keeps the
	// GLSL3 fragment interface complete on strict WebGL2 drivers.
	out_FragColor = vec4(1.0);
	c23_writeStencilLogDepth(c23_depthFromNearPlusOne);
}
",
  "vertexShader": "// [c23:vertex-precision]
precision highp float;
precision highp int;

// [c23:pipeline-defines]
#define C23_SURFACE 1
#define C23_PASS_FRONT_STENCIL 1

// [c23:vertex-system-declarations]
uniform mat4 czm_modelViewRelativeToEye;
uniform mat4 czm_modelViewProjectionRelativeToEye;
uniform vec3 czm_encodedCameraPositionMCHigh;
uniform vec3 czm_encodedCameraPositionMCLow;
uniform float czm_geometricToleranceOverMeter;
uniform float czm_sceneMode;
uniform vec3 czm_currentFrustum;
uniform float c23_globeMinimumAltitude;

// [c23:vertex-attributes]
in vec3 position3DHigh;
in vec3 position3DLow;
in float batchId;
in vec3 extrudeDirection;

// [c23:vertex-varyings]
out float c23_depthFromNearPlusOne;

// [c23:vertex-system-helpers]
vec4 c23_translateRelativeToEye(vec3 high, vec3 low) {
	vec3 highDifference = high - czm_encodedCameraPositionMCHigh;
	vec3 lowDifference = low - czm_encodedCameraPositionMCLow;
	return vec4(highDifference + lowDifference, 1.0);
}


void c23_writeVertexLogDepth() {
	c23_depthFromNearPlusOne = (gl_Position.w - czm_currentFrustum.x) + 1.0;
	gl_Position.z = clamp(gl_Position.z / gl_Position.w, -1.0, 1.0) * gl_Position.w;
}

// [c23:vertex-main]
void main() {
	vec4 positionRte = c23_translateRelativeToEye(position3DHigh, position3DLow);
	float extrusionDelta = min(
		c23_globeMinimumAltitude,
		czm_geometricToleranceOverMeter * length(positionRte.xyz)
	);
	extrusionDelta *= czm_sceneMode == 3.0 ? 1.0 : 0.0;
	positionRte.xyz += extrudeDirection * extrusionDelta;

	// Keep the ABI-prescribed batch attribute live without changing the single-instance result.
	positionRte.w += batchId * 0.0;
	gl_Position = czm_modelViewProjectionRelativeToEye * positionRte;
	c23_writeVertexLogDepth();
}
",
}
`;

exports[`Ground classification stencil system shaders > locks the full surface color evaluation and safe finalizer source 1`] = `
{
  "fragmentShader": "// [c23:fragment-precision-output]
precision highp float;
precision highp int;
precision highp sampler2D;

out vec4 out_FragColor;

// [c23:pipeline-defines]
#define C23_SURFACE 1
#define C23_PASS_COLOR 1
#define C23_FRAGMENT_CULL 1

// [c23:fragment-system-declarations]
uniform sampler2D czm_globeDepthTexture;
uniform vec4 czm_viewport;
uniform mat4 czm_inverseProjection;
uniform vec3 czm_currentFrustum;
uniform float czm_log2FarDepthFromNearPlusOne;

uniform vec3 c23_eastward;
uniform vec3 c23_northward;
uniform vec4 c23_fillColor;
uniform vec4 c23_strokeColor;
uniform float c23_borderEnabled;
uniform float c23_borderWidthMeters;
uniform vec4 c23_innerMetersRect;
uniform vec4 c23_cpuWestPlane;
uniform vec4 c23_cpuSouthPlane;

uniform float c23_polygonBorderMode;
uniform float c23_polygonMiterStrokeMode;
uniform float c23_polygonPointCount;
uniform vec2 c23_polygonPoints[128];

uniform float c23_circleBorderMode;
uniform vec2 c23_circleCenterMeters;
uniform float c23_circleFillRadiusMeters;
uniform float c23_circleRenderRadiusMeters;
uniform float c23_circleRingCount;
uniform float c23_circleRingGapMeters;
uniform float c23_circleSectorStartRadians;
uniform float c23_circleSectorAngleRadians;

// [c23:fragment-varyings]

// [c23:fragment-system-helpers]
const float c23_pi = 3.141592653589793;
const float c23_twoPi = 6.283185307179586;

struct c23_surfaceEvaluation {
	vec2 st;
	vec2 localMeters;
	vec4 baseColor;
	float isStroke;
	float coverage;
	vec3 positionEC;
	vec3 positionToEyeEC;
	vec3 normalEC;
};

float c23_unpackDepth(vec4 packedDepth) {
	return dot(
		packedDepth,
		vec4(1.0, 1.0 / 255.0, 1.0 / 65025.0, 1.0 / 16581375.0)
	);
}

vec3 c23_reconstructEyePosition(vec2 fragmentCoordinate, float logDepth) {
	vec2 viewportUv = (fragmentCoordinate - czm_viewport.xy) / czm_viewport.zw;
	float nearDistance = czm_currentFrustum.x;
	float farDistance = czm_currentFrustum.y;
	float depthFromNear = exp2(logDepth * czm_log2FarDepthFromNearPlusOne) - 1.0;
	float depthFromCamera = depthFromNear + nearDistance;
	float windowDepth = farDistance * (1.0 - nearDistance / depthFromCamera)
		/ (farDistance - nearDistance);
	vec4 clipCoordinate = vec4(viewportUv * 2.0 - 1.0, windowDepth * 2.0 - 1.0, 1.0);
	vec4 eyeCoordinate = czm_inverseProjection * clipCoordinate;
	return eyeCoordinate.xyz / eyeCoordinate.w;
}

float c23_planeDistance(vec4 plane, vec3 point) {
	return dot(plane.xyz, point) + plane.w;
}

float c23_wrappedPositiveAngle(float radians) {
	float wrapped = mod(radians, c23_twoPi);
	return wrapped < 0.0 ? wrapped + c23_twoPi : wrapped;
}

bool c23_pointInsidePolygon(vec2 point) {
	bool inside = false;
	int count = int(c23_polygonPointCount);
	for (int index = 0; index < 128; index++) {
		if (index >= count) break;
		int previousIndex = index == 0 ? count - 1 : index - 1;
		vec2 current = c23_polygonPoints[index];
		vec2 previous = c23_polygonPoints[previousIndex];
		bool crosses = (current.y > point.y) != (previous.y > point.y);
		float denominator = previous.y - current.y;
		float safeDenominator = abs(denominator) < 1e-6
			? (denominator < 0.0 ? -1e-6 : 1e-6)
			: denominator;
		float intersectionX = (previous.x - current.x) * (point.y - current.y)
			/ safeDenominator + current.x;
		if (crosses && point.x < intersectionX) inside = !inside;
	}
	return inside;
}

float c23_distanceToPolygonEdges(vec2 point) {
	float minimumDistance = 1.0e20;
	int count = int(c23_polygonPointCount);
	for (int index = 0; index < 128; index++) {
		if (index >= count) break;
		int nextIndex = index + 1 >= count ? 0 : index + 1;
		vec2 start = c23_polygonPoints[index];
		vec2 end = c23_polygonPoints[nextIndex];
		vec2 edge = end - start;
		float edgeLengthSquared = dot(edge, edge);
		float segmentT = edgeLengthSquared > 1e-12
			? clamp(dot(point - start, edge) / edgeLengthSquared, 0.0, 1.0)
			: 0.0;
		minimumDistance = min(minimumDistance, distance(point, start + edge * segmentT));
	}
	return minimumDistance;
}

void c23_selectStroke(inout c23_surfaceEvaluation evaluation) {
	evaluation.baseColor = c23_strokeColor;
	evaluation.isStroke = 1.0;
}

void c23_evaluateRectangle(inout c23_surfaceEvaluation evaluation) {
	vec2 outsideLower = c23_innerMetersRect.xy - evaluation.localMeters;
	vec2 outsideUpper = evaluation.localMeters - c23_innerMetersRect.zw;
	vec2 outsideMeters = max(outsideLower, outsideUpper);
	float outsideDistanceMeters = max(outsideMeters.x, outsideMeters.y);
	if (outsideDistanceMeters <= 0.0) return;

	if (
		c23_borderEnabled > 0.5 &&
		c23_strokeColor.a > 0.0 &&
		outsideDistanceMeters <= c23_borderWidthMeters
	) {
		c23_selectStroke(evaluation);
	} else {
		evaluation.coverage = 0.0;
	}
}

void c23_evaluatePolygon(inout c23_surfaceEvaluation evaluation) {
	bool insidePolygon = c23_pointInsidePolygon(evaluation.localMeters);
	float edgeDistanceMeters = c23_distanceToPolygonEdges(evaluation.localMeters);
	if (c23_polygonMiterStrokeMode > 0.5) {
		if (!insidePolygon) {
			evaluation.coverage = 0.0;
			return;
		}
		if (
			c23_borderEnabled > 0.5 &&
			c23_strokeColor.a > 0.0 &&
			edgeDistanceMeters <= c23_borderWidthMeters
		) c23_selectStroke(evaluation);
		return;
	}

	if (!insidePolygon) {
		if (
			c23_borderEnabled > 0.5 &&
			c23_strokeColor.a > 0.0 &&
			edgeDistanceMeters <= c23_borderWidthMeters
		) {
			c23_selectStroke(evaluation);
		} else {
			evaluation.coverage = 0.0;
		}
	}
}

void c23_evaluateCircle(inout c23_surfaceEvaluation evaluation) {
	vec2 circleVectorMeters = evaluation.localMeters - c23_circleCenterMeters;
	float circleDistanceMeters = length(circleVectorMeters);
	if (circleDistanceMeters > c23_circleRenderRadiusMeters) {
		evaluation.coverage = 0.0;
		return;
	}

	float safeSectorAngle = clamp(abs(c23_circleSectorAngleRadians), 0.0, c23_twoPi);
	float sectorDirection = c23_circleSectorAngleRadians < 0.0 ? -1.0 : 1.0;
	bool fullCircleSector = safeSectorAngle >= c23_twoPi - 1e-5;
	float circleAngle = c23_wrappedPositiveAngle(atan(circleVectorMeters.y, circleVectorMeters.x));
	float sectorStart = c23_wrappedPositiveAngle(c23_circleSectorStartRadians);
	float sectorLocalAngle = c23_wrappedPositiveAngle((circleAngle - sectorStart) * sectorDirection);
	bool insideSectorAngle = fullCircleSector || sectorLocalAngle <= safeSectorAngle;
	if (!insideSectorAngle) {
		evaluation.coverage = 0.0;
		return;
	}

	float safeRingCount = max(floor(c23_circleRingCount + 0.5), 1.0);
	float gapCount = max(safeRingCount - 1.0, 0.0);
	float safeGapMeters = max(c23_circleRingGapMeters, 0.0);
	float totalGapMeters = min(
		safeGapMeters * gapCount,
		max(c23_circleFillRadiusMeters - 1e-3, 0.0)
	);
	float ringWidthMeters = (c23_circleFillRadiusMeters - totalGapMeters)
		/ max(safeRingCount, 1e-6);
	float gapWidthMeters = gapCount > 0.0 ? totalGapMeters / gapCount : 0.0;
	float cellWidthMeters = max(ringWidthMeters + gapWidthMeters, 1e-6);
	float cellDistanceMeters = mod(circleDistanceMeters, cellWidthMeters);
	float outerRingStartMeters = max(c23_circleFillRadiusMeters - ringWidthMeters, 0.0);
	bool insideFillRadius = circleDistanceMeters <= c23_circleFillRadiusMeters;
	bool insideOuterBorder = circleDistanceMeters > c23_circleFillRadiusMeters;
	bool insideRingBand = safeRingCount <= 1.0
		|| cellDistanceMeters <= ringWidthMeters
		|| circleDistanceMeters >= outerRingStartMeters;

	if (insideOuterBorder) {
		if (c23_borderEnabled > 0.5 && c23_strokeColor.a > 0.0) {
			c23_selectStroke(evaluation);
		} else {
			evaluation.coverage = 0.0;
		}
		return;
	}
	if (!insideFillRadius || !insideRingBand) {
		evaluation.coverage = 0.0;
		return;
	}

	if (c23_borderEnabled > 0.5 && c23_strokeColor.a > 0.0) {
		float distanceToRingEdge = min(cellDistanceMeters, ringWidthMeters - cellDistanceMeters);
		bool ringEdge = safeRingCount > 1.0
			&& circleDistanceMeters > ringWidthMeters
			&& distanceToRingEdge <= c23_borderWidthMeters;
		bool centerRingOuterEdge = safeRingCount > 1.0
			&& abs(circleDistanceMeters - ringWidthMeters) <= c23_borderWidthMeters;
		float sectorEdgeDistanceMeters = min(
			sectorLocalAngle,
			max(safeSectorAngle - sectorLocalAngle, 0.0)
		) * circleDistanceMeters;
		bool sectorEdge = !fullCircleSector
			&& circleDistanceMeters >= ringWidthMeters
			&& sectorEdgeDistanceMeters <= c23_borderWidthMeters;
		if (ringEdge || centerRingOuterEdge || sectorEdge) c23_selectStroke(evaluation);
	}
}

c23_surfaceEvaluation c23_evaluateClassificationSurface() {
	c23_surfaceEvaluation evaluation;
	evaluation.st = vec2(0.0);
	evaluation.localMeters = vec2(0.0);
	evaluation.baseColor = c23_fillColor;
	evaluation.isStroke = 0.0;
	evaluation.coverage = 1.0;
	evaluation.positionEC = vec3(0.0);
	evaluation.positionToEyeEC = vec3(0.0);
	evaluation.normalEC = vec3(0.0);

	vec2 depthUv = (gl_FragCoord.xy - czm_viewport.xy) / czm_viewport.zw;
	bool insideViewport = all(greaterThanEqual(depthUv, vec2(0.0)))
		&& all(lessThanEqual(depthUv, vec2(1.0)));
	float packedDepth = insideViewport
		? c23_unpackDepth(texture(czm_globeDepthTexture, depthUv))
		: 0.0;
	if (!insideViewport || packedDepth <= 0.0 || packedDepth >= 1.0) {
		evaluation.coverage = 0.0;
		return evaluation;
	}

	evaluation.positionEC = c23_reconstructEyePosition(gl_FragCoord.xy, packedDepth);
	evaluation.positionToEyeEC = -evaluation.positionEC;
	vec3 derivativeX = dFdx(evaluation.positionEC);
	vec3 derivativeY = dFdy(evaluation.positionEC);
	vec3 reconstructedNormal = normalize(cross(derivativeX, derivativeY));
	evaluation.normalEC = dot(reconstructedNormal, evaluation.positionToEyeEC) < 0.0
		? -reconstructedNormal
		: reconstructedNormal;
	evaluation.localMeters = vec2(
		c23_planeDistance(c23_cpuWestPlane, evaluation.positionEC),
		c23_planeDistance(c23_cpuSouthPlane, evaluation.positionEC)
	);
	vec2 footprintMeters = max(
		vec2(length(c23_eastward), length(c23_northward)),
		vec2(1e-6)
	);
	evaluation.st = evaluation.localMeters / footprintMeters;

#ifdef C23_FRAGMENT_CULL
	if (any(lessThanEqual(evaluation.st, vec2(0.0)))
		|| any(greaterThanEqual(evaluation.st, vec2(1.0)))) {
		evaluation.coverage = 0.0;
	}
#endif

#ifdef C23_SURFACE
	if (c23_circleBorderMode > 0.5) {
		c23_evaluateCircle(evaluation);
	} else if (c23_polygonBorderMode > 0.5) {
		c23_evaluatePolygon(evaluation);
	} else {
		c23_evaluateRectangle(evaluation);
	}
#endif

	return evaluation;
}

// [c23:ground-material-abi]
#define C23_GROUND_SHADER_ABI_VERSION 1

uniform float c23_time;
uniform float c23_deltaTime;
uniform float c23_frameNumber;

struct c23_materialInput {
	vec2 st;
	vec2 localMeters;
	vec4 baseColor;
	float isStroke;
	vec3 positionEC;
	vec3 positionToEyeEC;
	vec3 normalEC;
	float distanceAlongMeters;
	float distanceAcrossMeters;
	float lineTotalMeters;
	float metersPerPixel;
};

struct c23_material {
	vec3 diffuse;
	vec3 emission;
	float alpha;
};

// [c23:ground-user-defines]

// [c23:ground-user-material]
c23_material c23_getMaterial(c23_materialInput input) {
	c23_material result;
	result.diffuse = input.baseColor.rgb;
	result.emission = vec3(0.0);
	result.alpha = input.baseColor.a;
	return result;
}

// [c23:fragment-safe-main]
void main() {
	// Coverage is separate from Material alpha so classification always reaches cleanup.
	float c23_systemCoverage = 1.0;
c23_materialInput c23_input;
c23_input.st = vec2(0.0);
c23_input.localMeters = vec2(0.0);
c23_input.baseColor = vec4(0.0);
c23_input.isStroke = 0.0;
c23_input.positionEC = vec3(0.0);
c23_input.positionToEyeEC = vec3(0.0);
c23_input.normalEC = vec3(0.0);
c23_input.distanceAlongMeters = 0.0;
c23_input.distanceAcrossMeters = 0.0;
c23_input.lineTotalMeters = 0.0;
c23_input.metersPerPixel = 0.0;
// [c23:fragment-main-system-prologue]
c23_surfaceEvaluation c23_surface = c23_evaluateClassificationSurface();
c23_systemCoverage = c23_surface.coverage;
// [c23:fragment-main-input-assignments]
c23_input.st = c23_surface.st;
c23_input.localMeters = c23_surface.localMeters;
c23_input.baseColor = c23_surface.baseColor;
c23_input.isStroke = c23_surface.isStroke;
c23_input.positionEC = c23_surface.positionEC;
c23_input.positionToEyeEC = c23_surface.positionToEyeEC;
c23_input.normalEC = c23_surface.normalEC;
c23_material c23_surfaceMaterial = c23_getMaterial(c23_input);
float c23_finalAlpha = c23_surfaceMaterial.alpha * c23_systemCoverage;
vec3 c23_straightRgb = c23_surfaceMaterial.diffuse + c23_surfaceMaterial.emission;
out_FragColor = vec4(c23_straightRgb * c23_finalAlpha, c23_finalAlpha);
// [c23:fragment-main-epilogue]
}
",
  "vertexShader": "// [c23:vertex-precision]
precision highp float;
precision highp int;

// [c23:pipeline-defines]
#define C23_SURFACE 1
#define C23_PASS_COLOR 1
#define C23_FRAGMENT_CULL 1

// [c23:vertex-system-declarations]
uniform mat4 czm_modelViewRelativeToEye;
uniform mat4 czm_modelViewProjectionRelativeToEye;
uniform vec3 czm_encodedCameraPositionMCHigh;
uniform vec3 czm_encodedCameraPositionMCLow;
uniform float czm_geometricToleranceOverMeter;
uniform float czm_sceneMode;
uniform vec3 czm_currentFrustum;
uniform float c23_globeMinimumAltitude;

// [c23:vertex-attributes]
in vec3 position3DHigh;
in vec3 position3DLow;
in float batchId;
in vec3 extrudeDirection;

// [c23:vertex-varyings]

// [c23:vertex-system-helpers]
vec4 c23_translateRelativeToEye(vec3 high, vec3 low) {
	vec3 highDifference = high - czm_encodedCameraPositionMCHigh;
	vec3 lowDifference = low - czm_encodedCameraPositionMCLow;
	return vec4(highDifference + lowDifference, 1.0);
}

// [c23:vertex-main]
void main() {
	vec4 positionRte = c23_translateRelativeToEye(position3DHigh, position3DLow);
	float extrusionDelta = min(
		c23_globeMinimumAltitude,
		czm_geometricToleranceOverMeter * length(positionRte.xyz)
	);
	extrusionDelta *= czm_sceneMode == 3.0 ? 1.0 : 0.0;
	positionRte.xyz += extrudeDirection * extrusionDelta;
	positionRte.w += batchId * 0.0;

	gl_Position = czm_modelViewProjectionRelativeToEye * positionRte;
	gl_Position.z = clamp(gl_Position.z / gl_Position.w, -1.0, 1.0) * gl_Position.w;
}
",
}
`;
